{"type":"server-started","port":55526,"host":"0.0.0.0","url_host":"localhost","url":"http://localhost:55526","screen_dir":"/home/cur10sdev/Desktop/coding/tinkering/shortly/.superpowers/brainstorm/25008-1779702230/content","state_dir":"/home/cur10sdev/Desktop/coding/tinkering/shortly/.superpowers/brainstorm/25008-1779702230/state"}
{"type":"screen-added","file":"/home/cur10sdev/Desktop/coding/tinkering/shortly/.superpowers/brainstorm/25008-1779702230/content/frontend-scope.html"}
{"source":"user-event","type":"click","text":"1\n    \n      Dashboard / Link Manager\n      Main page showing all your shortened links with search, filter, and pagination","choice":"dashboard","id":null,"timestamp":1779702278525}
{"source":"user-event","type":"click","text":"2\n    \n      Create Link Form\n      Page or modal to create a new shortened URL (long URL, optional password, optional expiry)","choice":"create","id":null,"timestamp":1779702284992}
{"source":"user-event","type":"click","text":"3\n    \n      Link Analytics / Stats\n      Per-link analytics page showing clicks over time, referrers, browsers, locations","choice":"analytics-page","id":null,"timestamp":1779702286147}
{"source":"user-event","type":"click","text":"4\n    \n      Login / Auth Page\n      Dedicated login page with Google sign-in, not just a button on the home page","choice":"login","id":null,"timestamp":1779702286806}
{"source":"user-event","type":"click","text":"5\n    \n      Settings / Profile Page\n      User profile, preferences, API keys, account management","choice":"settings","id":null,"timestamp":1779702287552}
{"type":"screen-added","file":"/home/cur10sdev/Desktop/coding/tinkering/shortly/.superpowers/brainstorm/25008-1779702230/content/waiting.html"}
{"type":"screen-added","file":"/home/cur10sdev/Desktop/coding/tinkering/shortly/.superpowers/brainstorm/25008-1779702230/content/nav-layout.html"}
{"source":"user-event","type":"click","text":"A\n    \n      Sidebar Navigation\n      Persistent sidebar on the left with all nav links. Main content on the right. Collapsible on mobile.","choice":"sidebar","id":null,"timestamp":1779702338685}
{"source":"user-event","type":"click","text":"C\n    \n      Hybrid — Top Bar + Sidebar\n      Top bar with branding + user menu. Sidebar with page navigation links. More complex but feature-rich.","choice":"hybrid","id":null,"timestamp":1779702344329}
{"type":"screen-updated","file":"/home/cur10sdev/Desktop/coding/tinkering/shortly/.superpowers/brainstorm/25008-1779702230/content/waiting.html"}
{"type":"screen-added","file":"/home/cur10sdev/Desktop/coding/tinkering/shortly/.superpowers/brainstorm/25008-1779702230/content/create-link-flow.html"}
{"source":"user-event","type":"click","text":"A\n    \n      Modal / Slide-over Panel\n      Click \"Create Link\" button, a panel slides in from the right. Stay on the dashboard, fill the form, submit, see the new link appear. No page navigation.","choice":"modal","id":null,"timestamp":1779702388873}
{"type":"screen-updated","file":"/home/cur10sdev/Desktop/coding/tinkering/shortly/.superpowers/brainstorm/25008-1779702230/content/waiting.html"}
{"type":"screen-added","file":"/home/cur10sdev/Desktop/coding/tinkering/shortly/.superpowers/brainstorm/25008-1779702230/content/analytics-scope.html"}
{"source":"user-event","type":"click","text":"1\n    \n      Clicks Over Time\n      Line chart showing clicks per day/week/month. Ability to filter by date range.","choice":"clicks-over-time","id":null,"timestamp":1779702418973}
{"source":"user-event","type":"click","text":"2\n    \n      Referrers / Sources\n      Where clicks are coming from (Twitter, LinkedIn, direct, etc.)","choice":"referrers","id":null,"timestamp":1779702425246}
{"source":"user-event","type":"click","text":"3\n    \n      Devices & Browsers\n      Desktop vs mobile vs tablet. Chrome, Safari, Firefox breakdown.","choice":"devices","id":null,"timestamp":1779702427506}
{"source":"user-event","type":"click","text":"4\n    \n      Geographic Locations\n      Country/city breakdown of where clicks originate.","choice":"locations","id":null,"timestamp":1779702429872}
{"source":"user-event","type":"click","text":"5\n    \n      Total Clicks (Simple Counter)\n      Just a total click count per link, no extra tracking. Simplest to implement.","choice":"total-clicks","id":null,"timestamp":1779702430655}
{"source":"user-event","type":"click","text":"6\n    \n      Unique Click Tracking\n      Deduplicate clicks by IP or fingerprint to show unique visitor counts.","choice":"unique-clicks","id":null,"timestamp":1779702431527}
{"type":"screen-added","file":"/home/cur10sdev/Desktop/coding/tinkering/shortly/.superpowers/brainstorm/25008-1779702230/content/analytics-approach.html"}
{"source":"user-event","type":"click","text":"B\n    \n      Event-Driven (Redis Streams)\n      Redirection service publishes click events to a Redis stream. A separate consumer processes batches (parse UA, geo, deduplicate) and writes to DB.\n      \n        ProsRedirects never blockedBatch processing efficientResilient to consumer failure\n        ConsNew consumer serviceRedis stream managementEventual consistency","choice":"event-driven","id":null,"timestamp":1779702624240}
{"type":"screen-added","file":"/home/cur10sdev/Desktop/coding/tinkering/shortly/.superpowers/brainstorm/25008-1779702230/content/visual-style.html"}
{"source":"user-event","type":"click","text":"A\n    \n      Dark Theme (Keep Current)\n      Dark backgrounds, light text, cyan/gray accents. Modern \"developer\" aesthetic. What's already scaffolded.","choice":"dark","id":null,"timestamp":1779702661861}
{"source":"user-event","type":"click","text":"C\n    \n      Dark + Light Mode Toggle\n      Both themes, toggleable. Respects system preference by default. Takes more effort but users love it.","choice":"auto","id":null,"timestamp":1779702669307}
{"type":"screen-added","file":"/home/cur10sdev/Desktop/coding/tinkering/shortly/.superpowers/brainstorm/25008-1779702230/content/design-overview.html"}
{"type":"screen-added","file":"/home/cur10sdev/Desktop/coding/tinkering/shortly/.superpowers/brainstorm/25008-1779702230/content/section2-dashboard.html"}
{"type":"screen-added","file":"/home/cur10sdev/Desktop/coding/tinkering/shortly/.superpowers/brainstorm/25008-1779702230/content/section3-analytics.html"}
{"type":"screen-added","file":"/home/cur10sdev/Desktop/coding/tinkering/shortly/.superpowers/brainstorm/25008-1779702230/content/section4-datamodel.html"}
{"type":"screen-added","file":"/home/cur10sdev/Desktop/coding/tinkering/shortly/.superpowers/brainstorm/25008-1779702230/content/section5-api.html"}
{"type":"screen-added","file":"/home/cur10sdev/Desktop/coding/tinkering/shortly/.superpowers/brainstorm/25008-1779702230/content/plan-ready.html"}
{"type":"server-stopped","reason":"idle timeout"}
